
INSTRUCTOR_NAME           COURSES_TAUGHT                                                                                                                                                                
------------------------- --------------                                                                                                                                                                
David Lee                              3                                                                                                                                                                
Michael Brown                          2                                                                                                                                                                
Sarah Kim                              2                                                                                                                                                                

